Microchip MPLAB XC8 Compiler V2.10 ()

Linker command line:

-W-3 --edf=C:\Program Files (x86)\Microchip\xc8\v2.10\pic\dat\en_msgs.txt \
  -cs -h+dist/default/debug\testt.X.debug.sym \
  --cmf=dist/default/debug\testt.X.debug.cmf -z -Q18F4520 \
  -oC:\Users\User\AppData\Local\Temp\sjg8.2 --defsym=__MPLAB_BUILD=1 \
  -Mdist/default/debug/testt.X.debug.map -E1 -ver=XC8 --acfsm=1493 \
  -ASTACK=0190h-05F3h -pstack=STACK -ACODE=00h-07DBFh -ACONST=00h-07DBFh \
  -ASMALLCONST=0600h-06FFhx119,07D00h-07DBFh -AMEDIUMCONST=0600h-07DBFh \
  -ACOMRAM=01h-07Fh -AABS1=00h-05F3h -ABIGRAM=01h-05F3h \
  -ARAM=080h-0FFh,0100h-01FFhx4,0500h-05F3h -ABANK0=080h-0FFh \
  -ABANK1=0100h-01FFh -ABANK2=0200h-02FFh -ABANK3=0300h-03FFh \
  -ABANK4=0400h-04FFh -ABANK5=0500h-05F3h \
  -ASFR=0F80h-0F9Bh,0F9Dh-0FD3h,0FD5h-0FDAh,0FE0h-0FE2h,0FE8h-0FEAh,0FF0h-0FFCh \
  -preset_vec=00h,intcode,intcodelo,powerup,init -pramtop=0600h \
  -psmallconst=SMALLCONST -pmediumconst=MEDIUMCONST -pconst=CONST \
  -AFARRAM=00h-00h -ACONFIG=0300000h-030000Dh -pconfig=CONFIG \
  -AIDLOC=0200000h-0200007h -pidloc=IDLOC -AEEDATA=0F00000h-0F000FFh \
  -peeprom_data=EEDATA \
  -prdata=COMRAM,nvrram=COMRAM,nvbit=COMRAM,rbss=COMRAM,rbit=COMRAM \
  -pfarbss=FARRAM,fardata=FARRAM,nvFARRAM=FARRAM \
  -pintsave_regs=BIGRAM,bigbss=BIGRAM,bigdata=BIGRAM -pbss=RAM \
  -pidata=CODE,irdata=CODE,ibigdata=CODE,ifardata=CODE -prparam=COMRAM \
  C:\Users\User\AppData\Local\Temp\sjg8.o \
  dist/default/debug\testt.X.debug.o 

Object code version is 3.11

Machine type is 18F4520

Call graph: (short form)




                Name                               Link     Load   Length Selector   Space Scale
C:\Users\User\AppData\Local\Temp\sjg8.o
                init                                  0        0        4        0       0
                idloc                            200000   200000        8   200000       0
                config                           300000   300000        E   300000       0
dist/default/debug\testt.X.debug.o
                text6                              74D2     74D2       1C     3A69       0
                text5                              7514     7514       36     3A8A       0
                text4                              754A     754A       C4     3AA5       0
                text3                              74EE     74EE       26     3A77       0
                text2                              79FE     79FE      3C2     3CFF       0
                text1                              7770     7770      28E     3BB8       0
                text0                              760E     760E      162     3B07       0
                cstackCOMRAM                          1        1       2E        1       1
                bssBANK1                            100      100       90      100       1
                bssCOMRAM                            2F       2F        2        1       1
                cinit                              74BC     74BC       16     3A5E       0

TOTAL           Name                               Link     Load   Length     Space
        CLASS   STACK          

        CLASS   CODE           
                init                                  0        0        4         0
                text6                              74D2     74D2       1C         0
                text5                              7514     7514       36         0
                text4                              754A     754A       C4         0
                text3                              74EE     74EE       26         0
                text2                              79FE     79FE      3C2         0
                text1                              7770     7770      28E         0
                text0                              760E     760E      162         0
                cinit                              74BC     74BC       16         0

        CLASS   CONST          

        CLASS   SMALLCONST     

        CLASS   MEDIUMCONST    

        CLASS   COMRAM         
                cstackCOMRAM                          1        1       2E         1
                bssCOMRAM                            2F       2F        2         1

        CLASS   ABS1           

        CLASS   BIGRAM         

        CLASS   RAM            

        CLASS   BANK0          

        CLASS   BANK1          
                bssBANK1                            100      100       90         1

        CLASS   BANK2          

        CLASS   BANK3          

        CLASS   BANK4          

        CLASS   BANK5          

        CLASS   SFR            

        CLASS   FARRAM         

        CLASS   CONFIG         
                config                           300000   300000        E         0

        CLASS   IDLOC          
                idloc                            200000   200000        8         0

        CLASS   EEDATA         



SEGMENTS        Name                           Load    Length   Top    Selector   Space  Class

                reset_vec                      000000  000004  000004         0       0  CODE    
                cstackCOMRAM                   000001  000030  000031         1       1  COMRAM  
                bssBANK1                       000100  000090  000190       100       1  BANK1   
                cinit                          0074BC  000016  0074D2      3A5E       0  CODE    
                text6                          0074D2  00001C  0074EE      3A69       0  CODE    
                text3                          0074EE  000026  007514      3A77       0  CODE    
                text5                          007514  000036  00754A      3A8A       0  CODE    
                text4                          00754A  0000C4  00760E      3AA5       0  CODE    
                text0                          00760E  000162  007770      3B07       0  CODE    
                text1                          007770  00028E  0079FE      3BB8       0  CODE    
                text2                          0079FE  0003C2  007DC0      3CFF       0  CODE    
                idloc                          200000  000008  200008    200000       0  IDLOC   
                config                         300000  00000E  30000E    300000       0  CONFIG  


UNUSED ADDRESS RANGES

        Name                Unused          Largest block    Delta
        BANK0            000080-0000FF               80
        BANK1            000190-0001FF               70
        BANK2            000200-0002FF              100
        BANK3            000300-0003FF              100
        BANK4            000400-0004FF              100
        BANK5            000500-0005F3               F4
        BIGRAM           000031-0000FF               CF
                         000190-0005F3              464
        CODE             000004-0074BB             74B8
        COMRAM           000031-00007F               4F
        CONST            000004-0074BB             74B8
        EEDATA           F00000-F000FF              100
        MEDIUMCONST      000600-0074BB             6EBC
        RAM              000080-0000FF               80
                         000190-0005F3              100
        SFR              000F80-000F9B               1C
                         000F9D-000FD3               37
                         000FD5-000FDA                6
                         000FE0-000FE2                3
                         000FE8-000FEA                3
                         000FF0-000FFC                D
        SMALLCONST       000600-0074BB              100
        STACK            000190-0005F3              464

                                  Symbol Table

?_ADC_Read               cstackCOMRAM 000001
?___awdiv                cstackCOMRAM 000001
?___wmul                 cstackCOMRAM 000001
ADC_Read@digital         cstackCOMRAM 000005
_ADCON0bits              (abs)        000FC2
_ADCON1                  (abs)        000FC1
_ADCON2                  (abs)        000FC0
_ADCON2bits              (abs)        000FC0
_ADC_Initialize          text6        0074D2
_ADC_Read                text5        007514
_ADFM                    (abs)        007E07
_ADRESH                  (abs)        000FC4
_ADRESL                  (abs)        000FC3
_LATD                    (abs)        000F8C
_LATDbits                (abs)        000F8C
_TRISA                   (abs)        000F92
_TRISD                   (abs)        000F95
__CFG_BOREN$SBORDIS      (abs)        000000
__CFG_BORV$3             (abs)        000000
__CFG_CCP2MX$PORTC       (abs)        000000
__CFG_CP0$OFF            (abs)        000000
__CFG_CP1$OFF            (abs)        000000
__CFG_CP2$OFF            (abs)        000000
__CFG_CP3$OFF            (abs)        000000
__CFG_CPB$OFF            (abs)        000000
__CFG_CPD$OFF            (abs)        000000
__CFG_EBTR0$OFF          (abs)        000000
__CFG_EBTR1$OFF          (abs)        000000
__CFG_EBTR2$OFF          (abs)        000000
__CFG_EBTR3$OFF          (abs)        000000
__CFG_EBTRB$OFF          (abs)        000000
__CFG_FCMEN$OFF          (abs)        000000
__CFG_IESO$OFF           (abs)        000000
__CFG_LPT1OSC$OFF        (abs)        000000
__CFG_LVP$OFF            (abs)        000000
__CFG_MCLRE$ON           (abs)        000000
__CFG_OSC$INTIO67        (abs)        000000
__CFG_PBADEN$OFF         (abs)        000000
__CFG_PWRT$OFF           (abs)        000000
__CFG_STVREN$ON          (abs)        000000
__CFG_WDT$OFF            (abs)        000000
__CFG_WDTPS$32768        (abs)        000000
__CFG_WRT0$OFF           (abs)        000000
__CFG_WRT1$OFF           (abs)        000000
__CFG_WRT2$OFF           (abs)        000000
__CFG_WRT3$OFF           (abs)        000000
__CFG_WRTB$OFF           (abs)        000000
__CFG_WRTC$OFF           (abs)        000000
__CFG_WRTD$OFF           (abs)        000000
__CFG_XINST$OFF          (abs)        000000
__HRAM                   (abs)        000000
__Habs1                  abs1         000000
__Hbank0                 bank0        000000
__Hbank1                 bank1        000000
__Hbank2                 bank2        000000
__Hbank3                 bank3        000000
__Hbank4                 bank4        000000
__Hbank5                 bank5        000000
__Hbigbss                bigbss       000000
__Hbigdata               bigdata      000000
__Hbigram                bigram       000000
__Hbss                   bss          000000
__HbssBANK1              bssBANK1     000000
__HbssCOMRAM             bssCOMRAM    000000
__Hcinit                 cinit        000000
__Hclrtext               clrtext      000000
__Hcomram                comram       000000
__Hconfig                config       30000E
__Hconst                 const        000000
__HcstackCOMRAM          cstackCOMRAM 000000
__Hdata                  data         000000
__Heeprom_data           eeprom_data  000000
__Hfarbss                farbss       000000
__Hfardata               fardata      000000
__Hibigdata              ibigdata     000000
__Hidata                 idata        000000
__Hidloc                 idloc        200008
__Hifardata              ifardata     000000
__Hinit                  init         000004
__Hintcode               intcode      000000
__Hintcode_body          intcode_body 000000
__Hintcodelo             intcodelo    000000
__Hintentry              intentry     000000
__Hintret                intret       000000
__Hintsave_regs          intsave_regs 000000
__Hirdata                irdata       000000
__Hmediumconst           mediumconst  000000
__HnvFARRAM              nvFARRAM     000000
__Hnvbit                 nvbit        000000
__Hnvrram                nvrram       000000
__Hparam                 rparam       000000
__Hpowerup               powerup      000000
__Hram                   ram          000000
__Hramtop                ramtop       000600
__Hrbit                  rbit         000000
__Hrbss                  rbss         000000
__Hrdata                 rdata        000000
__Hreset_vec             reset_vec    000000
__Hrparam                rparam       000000
__Hsfr                   sfr          000000
__Hsmallconst            smallconst   000000
__Hspace_0               (abs)        30000E
__Hspace_1               (abs)        000190
__Hspace_2               (abs)        000000
__Hstack                 stack        000000
__Hstruct                struct       000000
__Htemp                  temp         000000
__Htext                  text         000000
__Htext0                 text0        000000
__Htext1                 text1        000000
__Htext2                 text2        000000
__Htext3                 text3        000000
__Htext4                 text4        000000
__Htext5                 text5        000000
__Htext6                 text6        000000
__LRAM                   (abs)        000001
__Labs1                  abs1         000000
__Lbank0                 bank0        000000
__Lbank1                 bank1        000000
__Lbank2                 bank2        000000
__Lbank3                 bank3        000000
__Lbank4                 bank4        000000
__Lbank5                 bank5        000000
__Lbigbss                bigbss       000000
__Lbigdata               bigdata      000000
__Lbigram                bigram       000000
__Lbss                   bss          000000
__LbssBANK1              bssBANK1     000000
__LbssCOMRAM             bssCOMRAM    000000
__Lcinit                 cinit        000000
__Lclrtext               clrtext      000000
__Lcomram                comram       000000
__Lconfig                config       300000
__Lconst                 const        000000
__LcstackCOMRAM          cstackCOMRAM 000000
__Ldata                  data         000000
__Leeprom_data           eeprom_data  000000
__Lfarbss                farbss       000000
__Lfardata               fardata      000000
__Libigdata              ibigdata     000000
__Lidata                 idata        000000
__Lidloc                 idloc        200000
__Lifardata              ifardata     000000
__Linit                  init         000000
__Lintcode               intcode      000000
__Lintcode_body          intcode_body 000000
__Lintcodelo             intcodelo    000000
__Lintentry              intentry     000000
__Lintret                intret       000000
__Lintsave_regs          intsave_regs 000000
__Lirdata                irdata       000000
__Lmediumconst           mediumconst  000000
__LnvFARRAM              nvFARRAM     000000
__Lnvbit                 nvbit        000000
__Lnvrram                nvrram       000000
__Lparam                 rparam       000000
__Lpowerup               powerup      000000
__Lram                   ram          000000
__Lramtop                ramtop       000600
__Lrbit                  rbit         000000
__Lrbss                  rbss         000000
__Lrdata                 rdata        000000
__Lreset_vec             reset_vec    000000
__Lrparam                rparam       000000
__Lsfr                   sfr          000000
__Lsmallconst            smallconst   000000
__Lspace_0               (abs)        000000
__Lspace_1               (abs)        000000
__Lspace_2               (abs)        000000
__Lstack                 stack        000000
__Lstruct                struct       000000
__Ltemp                  temp         000000
__Ltext                  text         000000
__Ltext0                 text0        000000
__Ltext1                 text1        000000
__Ltext2                 text2        000000
__Ltext3                 text3        000000
__Ltext4                 text4        000000
__Ltext5                 text5        000000
__Ltext6                 text6        000000
__S0                     (abs)        30000E
__S1                     (abs)        000190
__S2                     (abs)        000000
___awdiv                 text4        00754A
___awdiv@counter         cstackCOMRAM 000005
___awdiv@dividend        cstackCOMRAM 000001
___awdiv@divisor         cstackCOMRAM 000003
___awdiv@quotient        cstackCOMRAM 000007
___awdiv@sign            cstackCOMRAM 000006
___inthi_sp              stack        000000
___intlo_sp              stack        000000
___param_bank            (abs)        000000
___rparam_used           (abs)        000001
___sp                    stack        000000
___wmul                  text3        0074EE
___wmul@multiplicand     cstackCOMRAM 000003
___wmul@multiplier       cstackCOMRAM 000001
___wmul@product          cstackCOMRAM 000005
__accesstop              (abs)        000080
__activetblptr           (abs)        000000
__end_of_ADC_Initialize  text6        0074EE
__end_of_ADC_Read        text5        00754A
__end_of___awdiv         text4        00760E
__end_of___wmul          text3        007514
__end_of__initialization cinit        0074CC
__end_of_initial         text2        007DC0
__end_of_main            text0        007770
__end_of_rotate_r        text1        0079FE
__initialization         cinit        0074BC
__mediumconst            mediumconst  000000
__pbssBANK1              bssBANK1     000100
__pbssCOMRAM             bssCOMRAM    00002F
__pcinit                 cinit        0074BC
__pcstackCOMRAM          cstackCOMRAM 000001
__ptext0                 text0        00760E
__ptext1                 text1        007770
__ptext2                 text2        0079FE
__ptext3                 text3        0074EE
__ptext4                 text4        00754A
__ptext5                 text5        007514
__ptext6                 text6        0074D2
__ramtop                 ramtop       000600
__size_of_ADC_Initialize (abs)        000000
__size_of_ADC_Read       (abs)        000000
__size_of___awdiv        (abs)        000000
__size_of___wmul         (abs)        000000
__size_of_initial        (abs)        000000
__size_of_main           (abs)        000000
__size_of_rotate_r       (abs)        000000
__smallconst             smallconst   000000
_initial                 text2        0079FE
_main                    text0        00760E
_original_r              bssCOMRAM    00002F
_rgb                     bssBANK1     000100
_rotate_r                text1        007770
end_of_initialization    cinit        0074CC
initial@i                cstackCOMRAM 000007
intlevel0                text         000000
intlevel1                text         000000
intlevel2                text         000000
intlevel3                text         000000
main@i                   cstackCOMRAM 00002D
main@temp                cstackCOMRAM 000029
main@val                 cstackCOMRAM 00002B
rotate_r@buf             cstackCOMRAM 00000C
rotate_r@buf_212         cstackCOMRAM 00000E
rotate_r@tempa           cstackCOMRAM 000010
rotate_r@tempb           cstackCOMRAM 000016
rotate_r@tempc           cstackCOMRAM 00001C
rotate_r@tempd           cstackCOMRAM 000022
rotate_r@val             cstackCOMRAM 000009
stackhi                  (abs)        0005F3
stacklo                  (abs)        000190
start                    init         000000
start_initialization     cinit        0074BC


FUNCTION INFORMATION:

 *************** function _main *****************
 Defined at:
		line 192 in file "newmain.c"
 Parameters:    Size  Location     Type
		None
 Auto vars:     Size  Location     Type
  val             2   42[COMRAM] int 
  temp            2   40[COMRAM] int 
  i               2   44[COMRAM] int 
 Return value:  Size  Location     Type
                  1    wreg      void 
 Registers used:
		wreg, fsr1l, fsr1h, fsr2l, fsr2h, status,2, status,0, prodl, prodh, cstack
 Tracked objects:
		On entry : 
		On exit  : 
		Unchanged: 
 Data sizes:     COMRAM   BANK0   BANK1   BANK2   BANK3   BANK4   BANK5
      Params:         0       0       0       0       0       0       0
      Locals:         6       0       0       0       0       0       0
      Temps:          1       0       0       0       0       0       0
      Totals:         7       0       0       0       0       0       0
Total ram usage:        7 bytes
 Hardware stack levels required when called:    2
 This function calls:
		_ADC_Initialize
		_ADC_Read
		___awdiv
		___wmul
		_initial
		_rotate_r
 This function is called by:
		Startup code after reset
 This function uses a non-reentrant model


 *************** function _rotate_r *****************
 Defined at:
		line 128 in file "newmain.c"
 Parameters:    Size  Location     Type
  val             2    8[COMRAM] int 
 Auto vars:     Size  Location     Type
  tempd           6   33[COMRAM] struct RGB
  tempc           6   27[COMRAM] struct RGB
  tempb           6   21[COMRAM] struct RGB
  tempa           6   15[COMRAM] struct RGB
  buf             2   13[COMRAM] int 
  buf             2   11[COMRAM] int 
 Return value:  Size  Location     Type
                  1    wreg      void 
 Registers used:
		wreg, fsr1l, fsr1h, fsr2l, fsr2h, status,2, status,0
 Tracked objects:
		On entry : 
		On exit  : 
		Unchanged: 
 Data sizes:     COMRAM   BANK0   BANK1   BANK2   BANK3   BANK4   BANK5
      Params:         2       0       0       0       0       0       0
      Locals:        28       0       0       0       0       0       0
      Temps:          1       0       0       0       0       0       0
      Totals:        31       0       0       0       0       0       0
Total ram usage:       31 bytes
 Hardware stack levels used:    1
 This function calls:
		Nothing
 This function is called by:
		_main
 This function uses a non-reentrant model


 *************** function _initial *****************
 Defined at:
		line 95 in file "newmain.c"
 Parameters:    Size  Location     Type
		None
 Auto vars:     Size  Location     Type
  i               2    6[COMRAM] int 
 Return value:  Size  Location     Type
                  1    wreg      void 
 Registers used:
		wreg, fsr2l, fsr2h, status,2, status,0, prodl, prodh, cstack
 Tracked objects:
		On entry : 
		On exit  : 
		Unchanged: 
 Data sizes:     COMRAM   BANK0   BANK1   BANK2   BANK3   BANK4   BANK5
      Params:         0       0       0       0       0       0       0
      Locals:         2       0       0       0       0       0       0
      Temps:          0       0       0       0       0       0       0
      Totals:         2       0       0       0       0       0       0
Total ram usage:        2 bytes
 Hardware stack levels used:    1
 Hardware stack levels required when called:    1
 This function calls:
		___wmul
 This function is called by:
		_main
 This function uses a non-reentrant model


 *************** function ___wmul *****************
 Defined at:
		line 15 in file "C:\Program Files (x86)\Microchip\xc8\v2.10\pic\sources\c99\common\Umul16.c"
 Parameters:    Size  Location     Type
  multiplier      2    0[COMRAM] unsigned int 
  multiplicand    2    2[COMRAM] unsigned int 
 Auto vars:     Size  Location     Type
  product         2    4[COMRAM] unsigned int 
 Return value:  Size  Location     Type
                  2    0[COMRAM] unsigned int 
 Registers used:
		wreg, status,2, status,0, prodl, prodh
 Tracked objects:
		On entry : 
		On exit  : 
		Unchanged: 
 Data sizes:     COMRAM   BANK0   BANK1   BANK2   BANK3   BANK4   BANK5
      Params:         4       0       0       0       0       0       0
      Locals:         2       0       0       0       0       0       0
      Temps:          0       0       0       0       0       0       0
      Totals:         6       0       0       0       0       0       0
Total ram usage:        6 bytes
 Hardware stack levels used:    1
 This function calls:
		Nothing
 This function is called by:
		_initial
		_main
 This function uses a non-reentrant model


 *************** function ___awdiv *****************
 Defined at:
		line 7 in file "C:\Program Files (x86)\Microchip\xc8\v2.10\pic\sources\c99\common\awdiv.c"
 Parameters:    Size  Location     Type
  dividend        2    0[COMRAM] int 
  divisor         2    2[COMRAM] int 
 Auto vars:     Size  Location     Type
  quotient        2    6[COMRAM] int 
  sign            1    5[COMRAM] unsigned char 
  counter         1    4[COMRAM] unsigned char 
 Return value:  Size  Location     Type
                  2    0[COMRAM] int 
 Registers used:
		wreg, status,2, status,0
 Tracked objects:
		On entry : 
		On exit  : 
		Unchanged: 
 Data sizes:     COMRAM   BANK0   BANK1   BANK2   BANK3   BANK4   BANK5
      Params:         4       0       0       0       0       0       0
      Locals:         4       0       0       0       0       0       0
      Temps:          0       0       0       0       0       0       0
      Totals:         8       0       0       0       0       0       0
Total ram usage:        8 bytes
 Hardware stack levels used:    1
 This function calls:
		Nothing
 This function is called by:
		_main
 This function uses a non-reentrant model


 *************** function _ADC_Read *****************
 Defined at:
		line 81 in file "newmain.c"
 Parameters:    Size  Location     Type
		None
 Auto vars:     Size  Location     Type
  digital         2    4[COMRAM] int 
 Return value:  Size  Location     Type
                  2    0[COMRAM] int 
 Registers used:
		wreg, status,2, status,0
 Tracked objects:
		On entry : 
		On exit  : 
		Unchanged: 
 Data sizes:     COMRAM   BANK0   BANK1   BANK2   BANK3   BANK4   BANK5
      Params:         2       0       0       0       0       0       0
      Locals:         2       0       0       0       0       0       0
      Temps:          2       0       0       0       0       0       0
      Totals:         6       0       0       0       0       0       0
Total ram usage:        6 bytes
 Hardware stack levels used:    1
 This function calls:
		Nothing
 This function is called by:
		_main
 This function uses a non-reentrant model


 *************** function _ADC_Initialize *****************
 Defined at:
		line 71 in file "newmain.c"
 Parameters:    Size  Location     Type
		None
 Auto vars:     Size  Location     Type
		None
 Return value:  Size  Location     Type
                  1    wreg      void 
 Registers used:
		wreg, status,2
 Tracked objects:
		On entry : 
		On exit  : 
		Unchanged: 
 Data sizes:     COMRAM   BANK0   BANK1   BANK2   BANK3   BANK4   BANK5
      Params:         0       0       0       0       0       0       0
      Locals:         0       0       0       0       0       0       0
      Temps:          0       0       0       0       0       0       0
      Totals:         0       0       0       0       0       0       0
Total ram usage:        0 bytes
 Hardware stack levels used:    1
 This function calls:
		Nothing
 This function is called by:
		_main
 This function uses a non-reentrant model



MODULE INFORMATION

Module		Function		Class		Link	Load	Size
C:\Program Files (x86)\Microchip\xc8\v2.10\pic\sources\c99\common\awdiv.c
		___awdiv       		CODE           	754A	0000	197

C:\Program Files (x86)\Microchip\xc8\v2.10\pic\sources\c99\common\awdiv.c estimated size: 197

newmain.c
		_rotate_r      		CODE           	7770	0000	655
		_ADC_Initialize		CODE           	74D2	0000	29
		_main          		CODE           	760E	0000	355
		_initial       		CODE           	79FE	0000	963
		_ADC_Read      		CODE           	7514	0000	55

newmain.c estimated size: 2057

shared
		__initialization		CODE           	74BC	0000	17

shared estimated size: 17

C:\Program Files (x86)\Microchip\xc8\v2.10\pic\sources\c99\common\Umul16.c
		___wmul        		CODE           	74EE	0000	39

C:\Program Files (x86)\Microchip\xc8\v2.10\pic\sources\c99\common\Umul16.c estimated size: 39

